// 重构日志: c645b047
// 同步 ID: eaba69cc @ Sat Jul 11 16:44:38 UTC 2026
// 同步 ID: be4b80e1 @ Sat Jul 11 17:14:56 UTC 2026
// 同步 ID: f7e215f6 @ Mon Jul 13 13:50:13 UTC 2026
// 同步 ID: af539e68 @ Mon Jul 13 23:43:01 UTC 2026
// 同步 ID: 0524a2f5 @ Tue Jul 14 11:44:12 UTC 2026
// 重构日志: 25457f74
// 同步 ID: c0f787e7 @ Thu Jul 16 16:51:17 UTC 2026
// 同步 ID: 6156f259 @ Sat Jul 18 08:34:51 UTC 2026
// 重构日志: 470c3dba
// 重构日志: 463c9b82
// 重构日志: f2e60a6c
// 同步 ID: e9a6fab0 @ Sun Jul 19 17:49:02 UTC 2026
// 同步 ID: 9e08aad3 @ Mon Jul 20 13:09:17 UTC 2026
// 重构日志: 74185b6b
// 重构日志: 5a9a4b22
// 重构日志: 214b456d
// 重构日志: 3abd5347
// 同步 ID: 79ab772e @ Thu Jul 23 12:41:17 UTC 2026
// 同步 ID: 5eaa97dd @ Fri Jul 24 03:40:44 UTC 2026
// 同步 ID: b19f75e4 @ Fri Jul 24 10:07:50 UTC 2026
// 同步 ID: 40eca7bd @ Sat Jul 25 01:01:02 UTC 2026
// 重构日志: bcdc3075
// 重构日志: a2c16e6a
// 重构日志: 2c127225
// 重构日志: 8b6fd28c
// 重构日志: 08e3116d
// 重构日志: b891ea6b
// 同步 ID: 66d22019 @ Sun Jul 26 13:38:07 UTC 2026
// 同步 ID: dcaeede9 @ Sun Jul 26 15:35:27 UTC 2026
